mpresas@DESKTOP-10O043O:~$ docker start edvai_hadoop
edvai_hadoop
mpresas@DESKTOP-10O043O:~$ docker start edvai_postgres
edvai_postgres
mpresas@DESKTOP-10O043O:~$ docker exec -it edvai_hadoop bash
root@4b2a49450dc4:/# su hadoop
hadoop@4b2a49450dc4:/$ sqoop version
Warning: /usr/lib/sqoop/../hbase does not exist! HBase imports will fail.
Please set $HBASE_HOME to the root of your HBase installation.
Warning: /usr/lib/sqoop/../hcatalog does not exist! HCatalog jobs will fail.
Please set $HCAT_HOME to the root of your HCatalog installation.
Warning: /usr/lib/sqoop/../accumulo does not exist! Accumulo imports will fail.
Please set $ACCUMULO_HOME to the root of your Accumulo installation.
Warning: /usr/lib/sqoop/../zookeeper does not exist! Accumulo imports will fail.
Please set $ZOOKEEPER_HOME to the root of your Zookeeper installation.
2024-08-04 23:56:18,229 INFO sqoop.Sqoop: Running Sqoop version: 1.4.7
Sqoop 1.4.7
git commit id 2328971411f57f0cb683dfb79d19d4d19d185dd8
Compiled by maugli on Thu Dec 21 15:59:58 STD 2017
hadoop@4b2a49450dc4:/$ sqoop list-databases \
> --connect jdbc:postgresql://172.17.0.3:5432/northwind \
> --username postgres -P
Warning: /usr/lib/sqoop/../hbase does not exist! HBase imports will fail.
Please set $HBASE_HOME to the root of your HBase installation.
Warning: /usr/lib/sqoop/../hcatalog does not exist! HCatalog jobs will fail.
Please set $HCAT_HOME to the root of your HCatalog installation.
Warning: /usr/lib/sqoop/../accumulo does not exist! Accumulo imports will fail.
Please set $ACCUMULO_HOME to the root of your Accumulo installation.
Warning: /usr/lib/sqoop/../zookeeper does not exist! Accumulo imports will fail.
Please set $ZOOKEEPER_HOME to the root of your Zookeeper installation.
2024-08-04 23:57:55,422 INFO sqoop.Sqoop: Running Sqoop version: 1.4.7
Enter password:
2024-08-04 23:58:00,134 INFO manager.SqlManager: Using default fetchSize of 1000
postgres
northwind
template1
template0
hadoop@4b2a49450dc4:/$ sqoop import \
> --connect jdbc_postgresql://172.17.0.3:5432/northwind \
> --username postgres \
> --table region \
> --m 1 \
> --P \
> --target-dir /sqoop/ingest \
> --as-parquetfile \
> --delete-target-dir
Warning: /usr/lib/sqoop/../hbase does not exist! HBase imports will fail.
Please set $HBASE_HOME to the root of your HBase installation.
Warning: /usr/lib/sqoop/../hcatalog does not exist! HCatalog jobs will fail.
Please set $HCAT_HOME to the root of your HCatalog installation.
Warning: /usr/lib/sqoop/../accumulo does not exist! Accumulo imports will fail.
Please set $ACCUMULO_HOME to the root of your Accumulo installation.
Warning: /usr/lib/sqoop/../zookeeper does not exist! Accumulo imports will fail.
Please set $ZOOKEEPER_HOME to the root of your Zookeeper installation.
2024-08-05 00:01:56,497 INFO sqoop.Sqoop: Running Sqoop version: 1.4.7
Enter password:
2024-08-05 00:02:06,938 ERROR tool.BaseSqoopTool: Got error creating database manager: java.io.IOException: No manager for connect string: jdbc_postgresql://172.17.0.3:5432/northwind
        at org.apache.sqoop.ConnFactory.getManager(ConnFactory.java:192)
        at org.apache.sqoop.tool.BaseSqoopTool.init(BaseSqoopTool.java:272)
        at org.apache.sqoop.tool.ImportTool.init(ImportTool.java:96)
        at org.apache.sqoop.tool.ImportTool.run(ImportTool.java:616)
        at org.apache.sqoop.Sqoop.run(Sqoop.java:147)
        at org.apache.hadoop.util.ToolRunner.run(ToolRunner.java:76)
        at org.apache.sqoop.Sqoop.runSqoop(Sqoop.java:183)
        at org.apache.sqoop.Sqoop.runTool(Sqoop.java:234)
        at org.apache.sqoop.Sqoop.runTool(Sqoop.java:243)
        at org.apache.sqoop.Sqoop.main(Sqoop.java:252)

hadoop@4b2a49450dc4:/$ sqoop import \
> --connect jdbc:postgresql://172.17.0.3:5432/northwind \
> --username postgres \
> --password edvai \
> --table region \
> --num-mappers 1 \
> --target-dir /sqoop/ingest \
> --as-parquetfile \
> --delete-target-dir
Warning: /usr/lib/sqoop/../hbase does not exist! HBase imports will fail.
Please set $HBASE_HOME to the root of your HBase installation.
Warning: /usr/lib/sqoop/../hcatalog does not exist! HCatalog jobs will fail.
Please set $HCAT_HOME to the root of your HCatalog installation.
Warning: /usr/lib/sqoop/../accumulo does not exist! Accumulo imports will fail.
Please set $ACCUMULO_HOME to the root of your Accumulo installation.
Warning: /usr/lib/sqoop/../zookeeper does not exist! Accumulo imports will fail.
Please set $ZOOKEEPER_HOME to the root of your Zookeeper installation.
2024-08-05 00:05:21,343 INFO sqoop.Sqoop: Running Sqoop version: 1.4.7
2024-08-05 00:05:21,363 WARN tool.BaseSqoopTool: Setting your password on the command-line is insecure. Consider using -P instead.
2024-08-05 00:05:21,424 INFO manager.SqlManager: Using default fetchSize of 1000
2024-08-05 00:05:21,424 INFO tool.CodeGenTool: Beginning code generation
2024-08-05 00:05:21,424 INFO tool.CodeGenTool: Will generate java class as codegen_region
2024-08-05 00:05:21,586 INFO manager.SqlManager: Executing SQL statement: SELECT t.* FROM "region" AS t LIMIT 1
2024-08-05 00:05:21,631 INFO orm.CompilationManager: HADOOP_MAPRED_HOME is /home/hadoop/hadoop
Note: /tmp/sqoop-hadoop/compile/cf5f9cb450363c861614db622a8194d5/codegen_region.java uses or overrides a deprecated API.
Note: Recompile with -Xlint:deprecation for details.
2024-08-05 00:05:23,423 INFO orm.CompilationManager: Writing jar file: /tmp/sqoop-hadoop/compile/cf5f9cb450363c861614db622a8194d5/codegen_region.jar
2024-08-05 00:05:23,883 INFO tool.ImportTool: Destination directory /sqoop/ingest deleted.
2024-08-05 00:05:23,883 WARN manager.PostgresqlManager: It looks like you are importing from postgresql.
2024-08-05 00:05:23,883 WARN manager.PostgresqlManager: This transfer can be faster! Use the --direct
2024-08-05 00:05:23,883 WARN manager.PostgresqlManager: option to exercise a postgresql-specific fast path.
2024-08-05 00:05:23,889 INFO mapreduce.ImportJobBase: Beginning import of region
2024-08-05 00:05:23,890 INFO Configuration.deprecation: mapred.job.tracker is deprecated. Instead, use mapreduce.jobtracker.address
2024-08-05 00:05:23,895 INFO Configuration.deprecation: mapred.jar is deprecated. Instead, use mapreduce.job.jar
2024-08-05 00:05:23,916 INFO manager.SqlManager: Executing SQL statement: SELECT t.* FROM "region" AS t LIMIT 1
2024-08-05 00:05:23,917 INFO manager.SqlManager: Executing SQL statement: SELECT t.* FROM "region" AS t LIMIT 1
2024-08-05 00:05:24,067 WARN spi.Registration: Not loading URI patterns in org.kitesdk.data.spi.hive.Loader
2024-08-05 00:05:24,830 INFO Configuration.deprecation: mapred.map.tasks is deprecated. Instead, use mapreduce.job.maps
2024-08-05 00:05:24,894 INFO client.DefaultNoHARMFailoverProxyProvider: Connecting to ResourceManager at /0.0.0.0:8032
2024-08-05 00:05:25,139 INFO mapreduce.JobResourceUploader: Disabling Erasure Coding for path: /tmp/hadoop-yarn/staging/hadoop/.staging/job_1722826521839_0001
2024-08-05 00:05:33,732 INFO db.DBInputFormat: Using read commited transaction isolation
2024-08-05 00:05:33,779 INFO mapreduce.JobSubmitter: number of splits:1
2024-08-05 00:05:33,902 INFO mapreduce.JobSubmitter: Submitting tokens for job: job_1722826521839_0001
2024-08-05 00:05:33,902 INFO mapreduce.JobSubmitter: Executing with tokens: []
2024-08-05 00:05:34,041 INFO conf.Configuration: resource-types.xml not found
2024-08-05 00:05:34,042 INFO resource.ResourceUtils: Unable to find 'resource-types.xml'.
2024-08-05 00:05:34,175 INFO impl.YarnClientImpl: Submitted application application_1722826521839_0001
2024-08-05 00:05:34,217 INFO mapreduce.Job: The url to track the job: http://4b2a49450dc4:8088/proxy/application_1722826521839_0001/
2024-08-05 00:05:34,217 INFO mapreduce.Job: Running job: job_1722826521839_0001
2024-08-05 00:05:40,276 INFO mapreduce.Job: Job job_1722826521839_0001 running in uber mode : false
2024-08-05 00:05:40,276 INFO mapreduce.Job:  map 0% reduce 0%
2024-08-05 00:05:44,308 INFO mapreduce.Job:  map 100% reduce 0%
2024-08-05 00:05:44,314 INFO mapreduce.Job: Job job_1722826521839_0001 completed successfully
2024-08-05 00:05:44,358 INFO mapreduce.Job: Counters: 33
        File System Counters
                FILE: Number of bytes read=0
                FILE: Number of bytes written=275078
                FILE: Number of read operations=0
                FILE: Number of large read operations=0
                FILE: Number of write operations=0
                HDFS: Number of bytes read=5052
                HDFS: Number of bytes written=1880
                HDFS: Number of read operations=50
                HDFS: Number of large read operations=0
                HDFS: Number of write operations=10
                HDFS: Number of bytes read erasure-coded=0
        Job Counters
                Launched map tasks=1
                Other local map tasks=1
                Total time spent by all maps in occupied slots (ms)=2484
                Total time spent by all reduces in occupied slots (ms)=0
                Total time spent by all map tasks (ms)=2484
                Total vcore-milliseconds taken by all map tasks=2484
                Total megabyte-milliseconds taken by all map tasks=3815424
        Map-Reduce Framework
                Map input records=4
                Map output records=4
                Input split bytes=87
                Spilled Records=0
                Failed Shuffles=0
                Merged Map outputs=0
                GC time elapsed (ms)=25
                CPU time spent (ms)=1380
                Physical memory (bytes) snapshot=255025152
                Virtual memory (bytes) snapshot=2984697856
                Total committed heap usage (bytes)=159383552
                Peak Map Physical memory (bytes)=255025152
                Peak Map Virtual memory (bytes)=2984697856
        File Input Format Counters
                Bytes Read=0
        File Output Format Counters
                Bytes Written=0
2024-08-05 00:05:44,362 INFO mapreduce.ImportJobBase: Transferred 1.8359 KB in 19.5258 seconds (96.2827 bytes/sec)
2024-08-05 00:05:44,364 INFO mapreduce.ImportJobBase: Retrieved 4 records.
hadoop@4b2a49450dc4:/$ sqoop import \
> --connect jdbc:postgresql://172.17.0.3:5432/northwind \
> --username postgres \
> --password edvai \
> --table region \
> --num-mappers 1 \
> --target-dir /sqoop/ingest \
> --as-parquetfile \
> --where "region_description = 'Southern'" \
> --delete-target-dir
Warning: /usr/lib/sqoop/../hbase does not exist! HBase imports will fail.
Please set $HBASE_HOME to the root of your HBase installation.
Warning: /usr/lib/sqoop/../hcatalog does not exist! HCatalog jobs will fail.
Please set $HCAT_HOME to the root of your HCatalog installation.
Warning: /usr/lib/sqoop/../accumulo does not exist! Accumulo imports will fail.
Please set $ACCUMULO_HOME to the root of your Accumulo installation.
Warning: /usr/lib/sqoop/../zookeeper does not exist! Accumulo imports will fail.
Please set $ZOOKEEPER_HOME to the root of your Zookeeper installation.
2024-08-05 00:07:26,846 INFO sqoop.Sqoop: Running Sqoop version: 1.4.7
2024-08-05 00:07:26,864 WARN tool.BaseSqoopTool: Setting your password on the command-line is insecure. Consider using -P instead.
2024-08-05 00:07:26,926 INFO manager.SqlManager: Using default fetchSize of 1000
2024-08-05 00:07:26,926 INFO tool.CodeGenTool: Beginning code generation
2024-08-05 00:07:26,926 INFO tool.CodeGenTool: Will generate java class as codegen_region
2024-08-05 00:07:27,082 INFO manager.SqlManager: Executing SQL statement: SELECT t.* FROM "region" AS t LIMIT 1
2024-08-05 00:07:27,104 INFO orm.CompilationManager: HADOOP_MAPRED_HOME is /home/hadoop/hadoop
Note: /tmp/sqoop-hadoop/compile/960504b4448c2eb58ff1bf287892203c/codegen_region.java uses or overrides a deprecated API.
Note: Recompile with -Xlint:deprecation for details.
2024-08-05 00:07:28,024 INFO orm.CompilationManager: Writing jar file: /tmp/sqoop-hadoop/compile/960504b4448c2eb58ff1bf287892203c/codegen_region.jar
2024-08-05 00:07:28,479 INFO tool.ImportTool: Destination directory /sqoop/ingest deleted.
2024-08-05 00:07:28,479 WARN manager.PostgresqlManager: It looks like you are importing from postgresql.
2024-08-05 00:07:28,479 WARN manager.PostgresqlManager: This transfer can be faster! Use the --direct
2024-08-05 00:07:28,479 WARN manager.PostgresqlManager: option to exercise a postgresql-specific fast path.
2024-08-05 00:07:28,484 INFO mapreduce.ImportJobBase: Beginning import of region
2024-08-05 00:07:28,485 INFO Configuration.deprecation: mapred.job.tracker is deprecated. Instead, use mapreduce.jobtracker.address
2024-08-05 00:07:28,489 INFO Configuration.deprecation: mapred.jar is deprecated. Instead, use mapreduce.job.jar
2024-08-05 00:07:28,508 INFO manager.SqlManager: Executing SQL statement: SELECT t.* FROM "region" AS t LIMIT 1
2024-08-05 00:07:28,510 INFO manager.SqlManager: Executing SQL statement: SELECT t.* FROM "region" AS t LIMIT 1
2024-08-05 00:07:28,636 WARN spi.Registration: Not loading URI patterns in org.kitesdk.data.spi.hive.Loader
2024-08-05 00:07:28,906 INFO Configuration.deprecation: mapred.map.tasks is deprecated. Instead, use mapreduce.job.maps
2024-08-05 00:07:28,961 INFO client.DefaultNoHARMFailoverProxyProvider: Connecting to ResourceManager at /0.0.0.0:8032
2024-08-05 00:07:29,162 INFO mapreduce.JobResourceUploader: Disabling Erasure Coding for path: /tmp/hadoop-yarn/staging/hadoop/.staging/job_1722826521839_0002
2024-08-05 00:07:36,170 INFO db.DBInputFormat: Using read commited transaction isolation
2024-08-05 00:07:36,619 INFO mapreduce.JobSubmitter: number of splits:1
2024-08-05 00:07:36,721 INFO mapreduce.JobSubmitter: Submitting tokens for job: job_1722826521839_0002
2024-08-05 00:07:36,721 INFO mapreduce.JobSubmitter: Executing with tokens: []
2024-08-05 00:07:36,843 INFO conf.Configuration: resource-types.xml not found
2024-08-05 00:07:36,843 INFO resource.ResourceUtils: Unable to find 'resource-types.xml'.
2024-08-05 00:07:36,878 INFO impl.YarnClientImpl: Submitted application application_1722826521839_0002
2024-08-05 00:07:36,900 INFO mapreduce.Job: The url to track the job: http://4b2a49450dc4:8088/proxy/application_1722826521839_0002/
2024-08-05 00:07:36,900 INFO mapreduce.Job: Running job: job_1722826521839_0002
2024-08-05 00:07:42,953 INFO mapreduce.Job: Job job_1722826521839_0002 running in uber mode : false
2024-08-05 00:07:42,954 INFO mapreduce.Job:  map 0% reduce 0%
2024-08-05 00:07:47,988 INFO mapreduce.Job:  map 100% reduce 0%
2024-08-05 00:07:48,997 INFO mapreduce.Job: Job job_1722826521839_0002 completed successfully
2024-08-05 00:07:49,043 INFO mapreduce.Job: Counters: 33
        File System Counters
                FILE: Number of bytes read=0
                FILE: Number of bytes written=275267
                FILE: Number of read operations=0
                FILE: Number of large read operations=0
                FILE: Number of write operations=0
                HDFS: Number of bytes read=5052
                HDFS: Number of bytes written=1839
                HDFS: Number of read operations=50
                HDFS: Number of large read operations=0
                HDFS: Number of write operations=10
                HDFS: Number of bytes read erasure-coded=0
        Job Counters
                Launched map tasks=1
                Other local map tasks=1
                Total time spent by all maps in occupied slots (ms)=2795
                Total time spent by all reduces in occupied slots (ms)=0
                Total time spent by all map tasks (ms)=2795
                Total vcore-milliseconds taken by all map tasks=2795
                Total megabyte-milliseconds taken by all map tasks=4293120
        Map-Reduce Framework
                Map input records=1
                Map output records=1
                Input split bytes=87
                Spilled Records=0
                Failed Shuffles=0
                Merged Map outputs=0
                GC time elapsed (ms)=23
                CPU time spent (ms)=1420
                Physical memory (bytes) snapshot=271745024
                Virtual memory (bytes) snapshot=2996981760
                Total committed heap usage (bytes)=159383552
                Peak Map Physical memory (bytes)=271745024
                Peak Map Virtual memory (bytes)=2996981760
        File Input Format Counters
                Bytes Read=0
        File Output Format Counters
                Bytes Written=0
2024-08-05 00:07:49,046 INFO mapreduce.ImportJobBase: Transferred 1.7959 KB in 20.1339 seconds (91.3385 bytes/sec)
2024-08-05 00:07:49,049 INFO mapreduce.ImportJobBase: Retrieved 1 records.
hadoop@4b2a49450dc4:/$ sqoop import \
> --connect jdbc:postgresql://172.17.0.3:5432/northwind \
> --username postgres \
> --password edvai \
> --query "select * from region where region_id = 3 AND \$CONDITIONS"\
> --table region \
> --num-mappers 1 \
> --target-dir /sqoop/ingest \
> --as-parquetfile \
> --delete-target-dir
Warning: /usr/lib/sqoop/../hbase does not exist! HBase imports will fail.
Please set $HBASE_HOME to the root of your HBase installation.
Warning: /usr/lib/sqoop/../hcatalog does not exist! HCatalog jobs will fail.
Please set $HCAT_HOME to the root of your HCatalog installation.
Warning: /usr/lib/sqoop/../accumulo does not exist! Accumulo imports will fail.
Please set $ACCUMULO_HOME to the root of your Accumulo installation.
Warning: /usr/lib/sqoop/../zookeeper does not exist! Accumulo imports will fail.
Please set $ZOOKEEPER_HOME to the root of your Zookeeper installation.
2024-08-05 00:15:58,896 INFO sqoop.Sqoop: Running Sqoop version: 1.4.7
2024-08-05 00:15:58,915 WARN tool.BaseSqoopTool: Setting your password on the command-line is insecure. Consider using -P instead.
2024-08-05 00:15:58,915 ERROR tool.BaseSqoopTool: Error parsing arguments for import:
2024-08-05 00:15:58,915 ERROR tool.BaseSqoopTool: Unrecognized argument: region
2024-08-05 00:15:58,915 ERROR tool.BaseSqoopTool: Unrecognized argument: --num-mappers
2024-08-05 00:15:58,915 ERROR tool.BaseSqoopTool: Unrecognized argument: 1
2024-08-05 00:15:58,915 ERROR tool.BaseSqoopTool: Unrecognized argument: --target-dir
2024-08-05 00:15:58,915 ERROR tool.BaseSqoopTool: Unrecognized argument: /sqoop/ingest
2024-08-05 00:15:58,915 ERROR tool.BaseSqoopTool: Unrecognized argument: --as-parquetfile
2024-08-05 00:15:58,915 ERROR tool.BaseSqoopTool: Unrecognized argument: --delete-target-dir

Try --help for usage instructions.
hadoop@4b2a49450dc4:/$ sqoop import \
stgresql://172.17.0.3:5432/northwind \
--username postgres \
--password edvai \
> --connect jdbc:postgresql://172.17.0.3:5432/northwind \
> --username postgres \
> --password edvai \
> --query "SELECT * FROM region WHERE region_id = 3 AND \$CONDITIONS" \
> --num-mappers 1 \
> --target-dir /sqoop/ingest \
> --as-parquetfile \
> --delete-target-dir \
> --driver org.postgresql.Driver
Warning: /usr/lib/sqoop/../hbase does not exist! HBase imports will fail.
Please set $HBASE_HOME to the root of your HBase installation.
Warning: /usr/lib/sqoop/../hcatalog does not exist! HCatalog jobs will fail.
Please set $HCAT_HOME to the root of your HCatalog installation.
Warning: /usr/lib/sqoop/../accumulo does not exist! Accumulo imports will fail.
Please set $ACCUMULO_HOME to the root of your Accumulo installation.
Warning: /usr/lib/sqoop/../zookeeper does not exist! Accumulo imports will fail.
Please set $ZOOKEEPER_HOME to the root of your Zookeeper installation.
2024-08-05 00:22:05,008 INFO sqoop.Sqoop: Running Sqoop version: 1.4.7
2024-08-05 00:22:05,028 WARN tool.BaseSqoopTool: Setting your password on the command-line is insecure. Consider using -P instead.
2024-08-05 00:22:05,070 WARN sqoop.ConnFactory: Parameter --driver is set to an explicit driver however appropriate connection manager is not being set (via --connection-manager). Sqoop is going to fall back to org.apache.sqoop.manager.GenericJdbcManager. Please specify explicitly which connection manager should be used next time.
2024-08-05 00:22:05,077 INFO manager.SqlManager: Using default fetchSize of 1000
2024-08-05 00:22:05,078 INFO tool.CodeGenTool: Beginning code generation
2024-08-05 00:22:05,265 INFO manager.SqlManager: Executing SQL statement: SELECT * FROM region WHERE region_id = 3 AND  (1 = 0)
2024-08-05 00:22:05,273 INFO manager.SqlManager: Executing SQL statement: SELECT * FROM region WHERE region_id = 3 AND  (1 = 0)
2024-08-05 00:22:05,291 INFO orm.CompilationManager: HADOOP_MAPRED_HOME is /home/hadoop/hadoop
Note: /tmp/sqoop-hadoop/compile/18fd75554163ae6def3a63a0bdb05357/QueryResult.java uses or overrides a deprecated API.
Note: Recompile with -Xlint:deprecation for details.
2024-08-05 00:22:06,199 INFO orm.CompilationManager: Writing jar file: /tmp/sqoop-hadoop/compile/18fd75554163ae6def3a63a0bdb05357/QueryResult.jar
2024-08-05 00:22:06,701 INFO tool.ImportTool: Destination directory /sqoop/ingest deleted.
2024-08-05 00:22:06,702 INFO mapreduce.ImportJobBase: Beginning query import.
2024-08-05 00:22:06,703 INFO Configuration.deprecation: mapred.job.tracker is deprecated. Instead, use mapreduce.jobtracker.address
2024-08-05 00:22:06,708 INFO Configuration.deprecation: mapred.jar is deprecated. Instead, use mapreduce.job.jar
2024-08-05 00:22:06,729 INFO manager.SqlManager: Executing SQL statement: SELECT * FROM region WHERE region_id = 3 AND  (1 = 0)
2024-08-05 00:22:06,731 INFO manager.SqlManager: Executing SQL statement: SELECT * FROM region WHERE region_id = 3 AND  (1 = 0)
2024-08-05 00:22:06,731 INFO manager.SqlManager: Executing SQL statement: SELECT * FROM region WHERE region_id = 3 AND  (1 = 0)
2024-08-05 00:22:06,849 WARN spi.Registration: Not loading URI patterns in org.kitesdk.data.spi.hive.Loader
2024-08-05 00:22:07,118 INFO Configuration.deprecation: mapred.map.tasks is deprecated. Instead, use mapreduce.job.maps
2024-08-05 00:22:07,168 INFO client.DefaultNoHARMFailoverProxyProvider: Connecting to ResourceManager at /0.0.0.0:8032
2024-08-05 00:22:07,378 INFO mapreduce.JobResourceUploader: Disabling Erasure Coding for path: /tmp/hadoop-yarn/staging/hadoop/.staging/job_1722826521839_0003
2024-08-05 00:22:09,888 INFO db.DBInputFormat: Using read commited transaction isolation
2024-08-05 00:22:09,934 INFO mapreduce.JobSubmitter: number of splits:1
2024-08-05 00:22:10,034 INFO mapreduce.JobSubmitter: Submitting tokens for job: job_1722826521839_0003
2024-08-05 00:22:10,034 INFO mapreduce.JobSubmitter: Executing with tokens: []
2024-08-05 00:22:10,150 INFO conf.Configuration: resource-types.xml not found
2024-08-05 00:22:10,150 INFO resource.ResourceUtils: Unable to find 'resource-types.xml'.
2024-08-05 00:22:10,186 INFO impl.YarnClientImpl: Submitted application application_1722826521839_0003
2024-08-05 00:22:10,208 INFO mapreduce.Job: The url to track the job: http://4b2a49450dc4:8088/proxy/application_1722826521839_0003/
2024-08-05 00:22:10,208 INFO mapreduce.Job: Running job: job_1722826521839_0003
2024-08-05 00:22:15,255 INFO mapreduce.Job: Job job_1722826521839_0003 running in uber mode : false
2024-08-05 00:22:15,256 INFO mapreduce.Job:  map 0% reduce 0%
2024-08-05 00:22:20,289 INFO mapreduce.Job:  map 100% reduce 0%
2024-08-05 00:22:21,300 INFO mapreduce.Job: Job job_1722826521839_0003 completed successfully
2024-08-05 00:22:21,351 INFO mapreduce.Job: Counters: 33
        File System Counters
                FILE: Number of bytes read=0
                FILE: Number of bytes written=274777
                FILE: Number of read operations=0
                FILE: Number of large read operations=0
                FILE: Number of write operations=0
                HDFS: Number of bytes read=5236
                HDFS: Number of bytes written=1921
                HDFS: Number of read operations=50
                HDFS: Number of large read operations=0
                HDFS: Number of write operations=10
                HDFS: Number of bytes read erasure-coded=0
        Job Counters
                Launched map tasks=1
                Other local map tasks=1
                Total time spent by all maps in occupied slots (ms)=3241
                Total time spent by all reduces in occupied slots (ms)=0
                Total time spent by all map tasks (ms)=3241
                Total vcore-milliseconds taken by all map tasks=3241
                Total megabyte-milliseconds taken by all map tasks=4978176
        Map-Reduce Framework
                Map input records=1
                Map output records=1
                Input split bytes=87
                Spilled Records=0
                Failed Shuffles=0
                Merged Map outputs=0
                GC time elapsed (ms)=31
                CPU time spent (ms)=1790
                Physical memory (bytes) snapshot=276123648
                Virtual memory (bytes) snapshot=3001118720
                Total committed heap usage (bytes)=159383552
                Peak Map Physical memory (bytes)=276123648
                Peak Map Virtual memory (bytes)=3001118720
        File Input Format Counters
                Bytes Read=0
        File Output Format Counters
                Bytes Written=0
2024-08-05 00:22:21,355 INFO mapreduce.ImportJobBase: Transferred 1.876 KB in 14.231 seconds (134.9869 bytes/sec)
2024-08-05 00:22:21,358 INFO mapreduce.ImportJobBase: Retrieved 1 records.
hadoop@4b2a49450dc4:/$
